log criado em 2026-04-30 16:26:46
──────────────────────────────────────────────
 Instalador do ACBr para Linux
 Homologado para sistemas Debian-like (Ubuntu, Mint, etc.)
 Desenvolvido para facilitar a instalação e integração
──────────────────────────────────────────────
 Lazarus detectado em: /home/gsantana/fpcupdeluxe/lazarus
 Componentes do Lazarus em: /home/gsantana/fpcupdeluxe/lazarus/components
 fpcupdeluxe detectado. Usando --pcp=/home/gsantana/fpcupdeluxe/config_lazarus
 Verificando dependências antes de baixar/atualizar o ACBr...
 Dependências base encontradas antes do download/update do ACBr.
 Atualizando ACBr via SVN em: /home/gsantana/fpcupdeluxe/lazarus/components/acbr
 ACBr detectado em: /home/gsantana/fpcupdeluxe/lazarus/components/acbr
Foi adicionado o pacote de componentes para: Financeiro
Foi adicionado o pacote de componentes para: Fiscal
Foi requerido o suporte a relatorios/impressos do fortes-ce
Foi requerido o suporte a relatorios/impressos do lazreport
Foi requerido o suporte a relatorios/impressos do fpdf
 Widget da IDE trocado para qt6
 Iniciando instalação...
 Verificando se todos os pacotes .lpk existem...
 Todos os pacotes .lpk foram encontrados com sucesso.
 Compilando pacotes de runtime...
.  Compilando: /home/gsantana/fpcupdeluxe/lazarus/components/acbr/Pacotes/Lazarus/synapse/laz_synapse.lpk
.  Compilando: /home/gsantana/fpcupdeluxe/lazarus/components/acbr/Pacotes/Lazarus/ACBrComum/ACBrComum.lpk
.  Compilando: /home/gsantana/fpcupdeluxe/lazarus/components/acbr/Pacotes/Lazarus/ACBrOpenSSL/ACBrOpenSSL.lpk
.  Compilando: /home/gsantana/fpcupdeluxe/lazarus/components/acbr/Pacotes/Lazarus/ACBrDiversos/ACBrDiversos.lpk
.  Compilando: /home/gsantana/fpcupdeluxe/lazarus/components/acbr/Pacotes/Lazarus/PCNComum/PCNComum.lpk
.  Compilando: /home/gsantana/fpcupdeluxe/lazarus/components/acbr/Pacotes/Lazarus/ACBrTXT/ACBrTXTComum.lpk
.  Compilando: /home/gsantana/fpcupdeluxe/lazarus/components/acbr/Pacotes/Lazarus/ACBrTCP/ACBrTCP.lpk
.  Compilando: /home/gsantana/fpcupdeluxe/lazarus/components/acbr/Pacotes/Lazarus/ACBrIntegrador/ACBr_Integrador.lpk
.  Compilando: /home/gsantana/fpcupdeluxe/lazarus/components/acbr/Pacotes/Lazarus/ACBrDFe/ACBrDFeComum.lpk
 Pacotes de runtime compilados com sucesso.
 Compilando todos pacotes...
.  Compilando pacote: /home/gsantana/fpcupdeluxe/lazarus/components/acbr/Pacotes/Lazarus/synapse/laz_synapse.lpk
.  Compilando pacote: /home/gsantana/fpcupdeluxe/lazarus/components/acbr/Pacotes/Lazarus/ACBrComum/ACBrComum.lpk
.  Compilando pacote: /home/gsantana/fpcupdeluxe/lazarus/components/acbr/Pacotes/Lazarus/ACBrOpenSSL/ACBrOpenSSL.lpk
.  Compilando pacote: /home/gsantana/fpcupdeluxe/lazarus/components/acbr/Pacotes/Lazarus/ACBrDiversos/ACBrDiversos.lpk
.  Compilando pacote: /home/gsantana/fpcupdeluxe/lazarus/components/acbr/Pacotes/Lazarus/PCNComum/PCNComum.lpk
.  Compilando pacote: /home/gsantana/fpcupdeluxe/lazarus/components/acbr/Pacotes/Lazarus/ACBrSerial/ACBrSerial.lpk
.  Compilando pacote: /home/gsantana/fpcupdeluxe/lazarus/components/acbr/Pacotes/Lazarus/ACBrTXT/ACBrTXTComum.lpk
.  Compilando pacote: /home/gsantana/fpcupdeluxe/lazarus/components/acbr/Pacotes/Lazarus/ACBrTCP/ACBrTCP.lpk
.  Compilando pacote: /home/gsantana/fpcupdeluxe/lazarus/components/acbr/Pacotes/Lazarus/ACBrTCP/ACBr_MTER.lpk
.  Compilando pacote: /home/gsantana/fpcupdeluxe/lazarus/components/acbr/Pacotes/Lazarus/ACBrTEFD/ACBr_TEFD.lpk
.  Compilando pacote: /home/gsantana/fpcupdeluxe/lazarus/components/acbr/Pacotes/Lazarus/ACBrIntegrador/ACBr_Integrador.lpk
.  Compilando pacote: /home/gsantana/fpcupdeluxe/lazarus/components/acbr/Pacotes/Lazarus/ACBrPIXCD/ACBr_PIXCD.lpk
.  Compilando pacote: /home/gsantana/fpcupdeluxe/lazarus/components/acbr/Pacotes/Lazarus/ACBrDFe/ACBrDFeComum.lpk
.  Compilando pacote: /home/gsantana/fpcupdeluxe/lazarus/components/acbr/Pacotes/Lazarus/ACBrTXT/ACBrOFX/acbr_ofx.lpk
.  Compilando pacote: /home/gsantana/fpcupdeluxe/lazarus/components/acbr/Pacotes/Lazarus/ACBrBoleto/ACBr_Boleto.lpk
.  Compilando pacote: /home/gsantana/fpcupdeluxe/lazarus/components/acbr/Pacotes/Lazarus/ACBrDebitoAutomatico/ACBr_DebitoAutomatico.lpk
.  Compilando pacote: /home/gsantana/fpcupdeluxe/lazarus/components/acbr/Pacotes/Lazarus/ACBrPagFor/ACBr_PagFor.lpk
.  Compilando pacote: /home/gsantana/fpcupdeluxe/lazarus/components/acbr/Pacotes/Lazarus/ACBrDFe/ACBrBPe/ACBr_BPe.lpk
.  Compilando pacote: /home/gsantana/fpcupdeluxe/lazarus/components/acbr/Pacotes/Lazarus/ACBrDFe/ACBrCTe/ACBr_CTe.lpk
.  Compilando pacote: /home/gsantana/fpcupdeluxe/lazarus/components/acbr/Pacotes/Lazarus/ACBrDFe/ACBrDFeComum.lpk
.  Compilando pacote: /home/gsantana/fpcupdeluxe/lazarus/components/acbr/Pacotes/Lazarus/ACBrDFe/ACBrMDFe/ACBr_MDFe.lpk
.  Compilando pacote: /home/gsantana/fpcupdeluxe/lazarus/components/acbr/Pacotes/Lazarus/ACBrDFe/ACBrNFSe/ACBr_NFSe.lpk
.  Compilando pacote: /home/gsantana/fpcupdeluxe/lazarus/components/acbr/Pacotes/Lazarus/ACBrDFe/ACBrNFe/ACBr_NFe.lpk
.  Compilando pacote: /home/gsantana/fpcupdeluxe/lazarus/components/acbr/Pacotes/Lazarus/ACBrDFe/ACBrANe/ACBr_ANe.lpk
.  Compilando pacote: /home/gsantana/fpcupdeluxe/lazarus/components/acbr/Pacotes/Lazarus/ACBrDFe/ACBrBlocoX/ACBr_BlocoX.lpk
.  Compilando pacote: /home/gsantana/fpcupdeluxe/lazarus/components/acbr/Pacotes/Lazarus/ACBrDFe/ACBrCIOT/ACBr_CIOT.lpk
.  Compilando pacote: /home/gsantana/fpcupdeluxe/lazarus/components/acbr/Pacotes/Lazarus/ACBrDFe/ACBrDCe/ACBr_DCe.lpk
.  Compilando pacote: /home/gsantana/fpcupdeluxe/lazarus/components/acbr/Pacotes/Lazarus/ACBrDFe/ACBrGNRE/ACBr_GNRE.lpk
.  Compilando pacote: /home/gsantana/fpcupdeluxe/lazarus/components/acbr/Pacotes/Lazarus/ACBrDFe/ACBrGTIN/ACBr_GTIN.lpk
.  Compilando pacote: /home/gsantana/fpcupdeluxe/lazarus/components/acbr/Pacotes/Lazarus/ACBrDFe/ACBrNF3e/ACBr_NF3e.lpk
.  Compilando pacote: /home/gsantana/fpcupdeluxe/lazarus/components/acbr/Pacotes/Lazarus/ACBrDFe/ACBrNFCom/ACBr_NFCom.lpk
.  Compilando pacote: /home/gsantana/fpcupdeluxe/lazarus/components/acbr/Pacotes/Lazarus/ACBrDFe/ACBrNFSeX/ACBr_NFSeX.lpk
.  Compilando pacote: /home/gsantana/fpcupdeluxe/lazarus/components/acbr/Pacotes/Lazarus/ACBrDFe/ACBrONE/ACBr_ONE.lpk
.  Compilando pacote: /home/gsantana/fpcupdeluxe/lazarus/components/acbr/Pacotes/Lazarus/ACBrDFe/ACBrPAFNFCe/ACBr_PAFNFCe.lpk
.  Compilando pacote: /home/gsantana/fpcupdeluxe/lazarus/components/acbr/Pacotes/Lazarus/ACBrDFe/ACBrReinf/ACBr_Reinf.lpk
.  Compilando pacote: /home/gsantana/fpcupdeluxe/lazarus/components/acbr/Pacotes/Lazarus/ACBrDFe/ACBreSocial/ACBre_Social.lpk
.  Compilando pacote: /home/gsantana/fpcupdeluxe/lazarus/components/acbr/Pacotes/Lazarus/ACBrBaaS/ACBrBaaS.lpk
.  Compilando pacote: /home/gsantana/fpcupdeluxe/lazarus/components/acbr/Pacotes/Lazarus/ACBrDFe/ACBrNFe/ACBrECFVirtualNFCe/acbr_nfce_ecfvirtual.lpk
 Pacotes compilados com sucesso.
 Instala os pacotes um por um, mas apenas os que nao forem de runtime...
.  Ignorando pacote de runtime/relatorio: /home/gsantana/fpcupdeluxe/lazarus/components/acbr/Pacotes/Lazarus/synapse/laz_synapse.lpk
.  Ignorando pacote de runtime/relatorio: /home/gsantana/fpcupdeluxe/lazarus/components/acbr/Pacotes/Lazarus/ACBrComum/ACBrComum.lpk
.  Ignorando pacote de runtime/relatorio: /home/gsantana/fpcupdeluxe/lazarus/components/acbr/Pacotes/Lazarus/ACBrOpenSSL/ACBrOpenSSL.lpk
.  Ignorando pacote de runtime/relatorio: /home/gsantana/fpcupdeluxe/lazarus/components/acbr/Pacotes/Lazarus/ACBrDiversos/ACBrDiversos.lpk
.  Ignorando pacote de runtime/relatorio: /home/gsantana/fpcupdeluxe/lazarus/components/acbr/Pacotes/Lazarus/PCNComum/PCNComum.lpk
.  Instalando pacote: /home/gsantana/fpcupdeluxe/lazarus/components/acbr/Pacotes/Lazarus/ACBrSerial/ACBrSerial.lpk
.  Ignorando pacote de runtime/relatorio: /home/gsantana/fpcupdeluxe/lazarus/components/acbr/Pacotes/Lazarus/ACBrTXT/ACBrTXTComum.lpk
.  Ignorando pacote de runtime/relatorio: /home/gsantana/fpcupdeluxe/lazarus/components/acbr/Pacotes/Lazarus/ACBrTCP/ACBrTCP.lpk
.  Instalando pacote: /home/gsantana/fpcupdeluxe/lazarus/components/acbr/Pacotes/Lazarus/ACBrTCP/ACBr_MTER.lpk
.  Instalando pacote: /home/gsantana/fpcupdeluxe/lazarus/components/acbr/Pacotes/Lazarus/ACBrTEFD/ACBr_TEFD.lpk
.  Ignorando pacote de runtime/relatorio: /home/gsantana/fpcupdeluxe/lazarus/components/acbr/Pacotes/Lazarus/ACBrIntegrador/ACBr_Integrador.lpk
.  Instalando pacote: /home/gsantana/fpcupdeluxe/lazarus/components/acbr/Pacotes/Lazarus/ACBrPIXCD/ACBr_PIXCD.lpk
.  Ignorando pacote de runtime/relatorio: /home/gsantana/fpcupdeluxe/lazarus/components/acbr/Pacotes/Lazarus/ACBrDFe/ACBrDFeComum.lpk
.  Ignorando pacote de runtime/relatorio: /home/gsantana/fpcupdeluxe/lazarus/components/acbr/Pacotes/Lazarus/ACBrDFe/ACBrDFeReportRL.lpk
.  Instalando pacote: /home/gsantana/fpcupdeluxe/lazarus/components/acbr/Pacotes/Lazarus/ACBrTXT/ACBrOFX/acbr_ofx.lpk
.  Instalando pacote: /home/gsantana/fpcupdeluxe/lazarus/components/acbr/Pacotes/Lazarus/ACBrBoleto/ACBr_Boleto.lpk
.  Instalando pacote: /home/gsantana/fpcupdeluxe/lazarus/components/acbr/Pacotes/Lazarus/ACBrDebitoAutomatico/ACBr_DebitoAutomatico.lpk
.  Ignorando pacote de runtime/relatorio: /home/gsantana/fpcupdeluxe/lazarus/components/acbr/Pacotes/Lazarus/ACBrBoleto/FC/FPDF/ACBr_BoletoFC_FPDF.lpk
.  Ignorando pacote de runtime/relatorio: /home/gsantana/fpcupdeluxe/lazarus/components/acbr/Pacotes/Lazarus/ACBrBoleto/FC/Fortes/ACBr_BoletoFC_Fortes.lpk
.  Ignorando pacote de runtime/relatorio: /home/gsantana/fpcupdeluxe/lazarus/components/acbr/Pacotes/Lazarus/ACBrBoleto/FC/Laz/ACBr_BoletoFC_LazReport.lpk
.  Instalando pacote: /home/gsantana/fpcupdeluxe/lazarus/components/acbr/Pacotes/Lazarus/ACBrPagFor/ACBr_PagFor.lpk
.  Instalando pacote: /home/gsantana/fpcupdeluxe/lazarus/components/acbr/Pacotes/Lazarus/ACBrDFe/ACBrBPe/ACBr_BPe.lpk
.  Instalando pacote: /home/gsantana/fpcupdeluxe/lazarus/components/acbr/Pacotes/Lazarus/ACBrDFe/ACBrCTe/ACBr_CTe.lpk
.  Ignorando pacote de runtime/relatorio: /home/gsantana/fpcupdeluxe/lazarus/components/acbr/Pacotes/Lazarus/ACBrDFe/ACBrDFeComum.lpk
.  Instalando pacote: /home/gsantana/fpcupdeluxe/lazarus/components/acbr/Pacotes/Lazarus/ACBrDFe/ACBrMDFe/ACBr_MDFe.lpk
.  Instalando pacote: /home/gsantana/fpcupdeluxe/lazarus/components/acbr/Pacotes/Lazarus/ACBrDFe/ACBrNFSe/ACBr_NFSe.lpk
.  Instalando pacote: /home/gsantana/fpcupdeluxe/lazarus/components/acbr/Pacotes/Lazarus/ACBrDFe/ACBrNFe/ACBr_NFe.lpk
.  Instalando pacote: /home/gsantana/fpcupdeluxe/lazarus/components/acbr/Pacotes/Lazarus/ACBrDFe/ACBrANe/ACBr_ANe.lpk
.  Ignorando pacote de runtime/relatorio: /home/gsantana/fpcupdeluxe/lazarus/components/acbr/Pacotes/Lazarus/ACBrDFe/ACBrBPe/DABPE/EscPos/ACBr_BPeDabpeESCPOS.lpk
.  Instalando pacote: /home/gsantana/fpcupdeluxe/lazarus/components/acbr/Pacotes/Lazarus/ACBrDFe/ACBrBlocoX/ACBr_BlocoX.lpk
.  Instalando pacote: /home/gsantana/fpcupdeluxe/lazarus/components/acbr/Pacotes/Lazarus/ACBrDFe/ACBrCIOT/ACBr_CIOT.lpk
.  Ignorando pacote de runtime/relatorio: /home/gsantana/fpcupdeluxe/lazarus/components/acbr/Pacotes/Lazarus/ACBrDFe/ACBrCTe/DACTE/Fortes/ACBr_CTe_DACTeRL.lpk
.  Instalando pacote: /home/gsantana/fpcupdeluxe/lazarus/components/acbr/Pacotes/Lazarus/ACBrDFe/ACBrDCe/ACBr_DCe.lpk
.  Ignorando pacote de runtime/relatorio: /home/gsantana/fpcupdeluxe/lazarus/components/acbr/Pacotes/Lazarus/ACBrDFe/ACBrDCe/DACE/Fortes/ACBr_DCe_DACERL.lpk
.  Instalando pacote: /home/gsantana/fpcupdeluxe/lazarus/components/acbr/Pacotes/Lazarus/ACBrDFe/ACBrGNRE/ACBr_GNRE.lpk
.  Ignorando pacote de runtime/relatorio: /home/gsantana/fpcupdeluxe/lazarus/components/acbr/Pacotes/Lazarus/ACBrDFe/ACBrGNRE/GNRE/Fortes/ACBr_GNREGuiaRL.lpk
.  Ignorando pacote de runtime/relatorio: /home/gsantana/fpcupdeluxe/lazarus/components/acbr/Pacotes/Lazarus/ACBrDFe/ACBrGNRE/GNRE/Laz/ACBr_GNREGuiaLazReport.lpk
.  Instalando pacote: /home/gsantana/fpcupdeluxe/lazarus/components/acbr/Pacotes/Lazarus/ACBrDFe/ACBrGTIN/ACBr_GTIN.lpk
.  Ignorando pacote de runtime/relatorio: /home/gsantana/fpcupdeluxe/lazarus/components/acbr/Pacotes/Lazarus/ACBrDFe/ACBrMDFe/DAMDFE/Fortes/ACBr_MDFe_DAMDFeRL.lpk
.  Instalando pacote: /home/gsantana/fpcupdeluxe/lazarus/components/acbr/Pacotes/Lazarus/ACBrDFe/ACBrNF3e/ACBr_NF3e.lpk
.  Ignorando pacote de runtime/relatorio: /home/gsantana/fpcupdeluxe/lazarus/components/acbr/Pacotes/Lazarus/ACBrDFe/ACBrNF3e/DANF3e/EscPos/ACBr_NF3e_DANF3eESCPOS.lpk
.  Ignorando pacote de runtime/relatorio: /home/gsantana/fpcupdeluxe/lazarus/components/acbr/Pacotes/Lazarus/ACBrDFe/ACBrNF3e/DANF3e/Fortes/ACBr_NF3e_DANF3ERL.lpk
.  Instalando pacote: /home/gsantana/fpcupdeluxe/lazarus/components/acbr/Pacotes/Lazarus/ACBrDFe/ACBrNFCom/ACBr_NFCom.lpk
.  Ignorando pacote de runtime/relatorio: /home/gsantana/fpcupdeluxe/lazarus/components/acbr/Pacotes/Lazarus/ACBrDFe/ACBrNFCom/DANFCom/Fortes/ACBr_NFCom_DANFComRL.lpk
.  Ignorando pacote de runtime/relatorio: /home/gsantana/fpcupdeluxe/lazarus/components/acbr/Pacotes/Lazarus/ACBrDFe/ACBrNFSe/DANFSE/Fortes/ACBr_NFSe_DanfseRL.lpk
.  Instalando pacote: /home/gsantana/fpcupdeluxe/lazarus/components/acbr/Pacotes/Lazarus/ACBrDFe/ACBrNFSeX/ACBr_NFSeX.lpk
.  Ignorando pacote de runtime/relatorio: /home/gsantana/fpcupdeluxe/lazarus/components/acbr/Pacotes/Lazarus/ACBrDFe/ACBrNFSeX/DANFSE/FPDF/ACBr_NFSeXDanfseFPDF.lpk
.  Ignorando pacote de runtime/relatorio: /home/gsantana/fpcupdeluxe/lazarus/components/acbr/Pacotes/Lazarus/ACBrDFe/ACBrNFSeX/DANFSE/Fortes/ACBr_NFSeXDanfseRL.lpk
.  Ignorando pacote de runtime/relatorio: /home/gsantana/fpcupdeluxe/lazarus/components/acbr/Pacotes/Lazarus/ACBrDFe/ACBrNFe/DANFE/NFCe/EscPos/ACBr_NFe_DanfeESCPOS.lpk
.  Ignorando pacote de runtime/relatorio: /home/gsantana/fpcupdeluxe/lazarus/components/acbr/Pacotes/Lazarus/ACBrDFe/ACBrNFe/DANFE/NFe/FPDF/ACBr_NFe_DanfeFPDF.lpk
.  Ignorando pacote de runtime/relatorio: /home/gsantana/fpcupdeluxe/lazarus/components/acbr/Pacotes/Lazarus/ACBrDFe/ACBrNFe/DANFE/NFe/Fortes/ACBr_NFe_DanfeRL.lpk
.  Ignorando pacote de runtime/relatorio: /home/gsantana/fpcupdeluxe/lazarus/components/acbr/Pacotes/Lazarus/ACBrDFe/ACBrNFe/DANFE/NFe/Laz/ACBr_NFe_Danfe_LazReport.lpk
.  Instalando pacote: /home/gsantana/fpcupdeluxe/lazarus/components/acbr/Pacotes/Lazarus/ACBrDFe/ACBrONE/ACBr_ONE.lpk
.  Instalando pacote: /home/gsantana/fpcupdeluxe/lazarus/components/acbr/Pacotes/Lazarus/ACBrDFe/ACBrPAFNFCe/ACBr_PAFNFCe.lpk
.  Instalando pacote: /home/gsantana/fpcupdeluxe/lazarus/components/acbr/Pacotes/Lazarus/ACBrDFe/ACBrReinf/ACBr_Reinf.lpk
.  Instalando pacote: /home/gsantana/fpcupdeluxe/lazarus/components/acbr/Pacotes/Lazarus/ACBrDFe/ACBreSocial/ACBre_Social.lpk
.  Instalando pacote: /home/gsantana/fpcupdeluxe/lazarus/components/acbr/Pacotes/Lazarus/ACBrBaaS/ACBrBaaS.lpk
.  Instalando pacote: /home/gsantana/fpcupdeluxe/lazarus/components/acbr/Pacotes/Lazarus/ACBrDFe/ACBrNFe/ACBrECFVirtualNFCe/acbr_nfce_ecfvirtual.lpk
 Pacotes instalados com sucesso.
 Instalando os pacotes que precisam ser deixados por ultimo, geralmente relatorios...
.  /home/gsantana/fpcupdeluxe/lazarus/components/acbr/Pacotes/Lazarus/ACBrDFe/ACBrDFeReportRL.lpk
.  /home/gsantana/fpcupdeluxe/lazarus/components/acbr/Pacotes/Lazarus/ACBrBoleto/FC/FPDF/ACBr_BoletoFC_FPDF.lpk
.  /home/gsantana/fpcupdeluxe/lazarus/components/acbr/Pacotes/Lazarus/ACBrBoleto/FC/Fortes/ACBr_BoletoFC_Fortes.lpk
.  /home/gsantana/fpcupdeluxe/lazarus/components/acbr/Pacotes/Lazarus/ACBrBoleto/FC/Laz/ACBr_BoletoFC_LazReport.lpk
.  /home/gsantana/fpcupdeluxe/lazarus/components/acbr/Pacotes/Lazarus/ACBrDFe/ACBrBPe/DABPE/EscPos/ACBr_BPeDabpeESCPOS.lpk
.  Ignorando pacote: /home/gsantana/fpcupdeluxe/lazarus/components/acbr/Pacotes/Lazarus/ACBrDFe/ACBrBPe/DABPE/EscPos/ACBr_BPeDabpeESCPOS.lpk
.  /home/gsantana/fpcupdeluxe/lazarus/components/acbr/Pacotes/Lazarus/ACBrDFe/ACBrCTe/DACTE/Fortes/ACBr_CTe_DACTeRL.lpk
.  /home/gsantana/fpcupdeluxe/lazarus/components/acbr/Pacotes/Lazarus/ACBrDFe/ACBrDCe/DACE/Fortes/ACBr_DCe_DACERL.lpk
.  /home/gsantana/fpcupdeluxe/lazarus/components/acbr/Pacotes/Lazarus/ACBrDFe/ACBrGNRE/GNRE/Fortes/ACBr_GNREGuiaRL.lpk
.  /home/gsantana/fpcupdeluxe/lazarus/components/acbr/Pacotes/Lazarus/ACBrDFe/ACBrGNRE/GNRE/Laz/ACBr_GNREGuiaLazReport.lpk
.  /home/gsantana/fpcupdeluxe/lazarus/components/acbr/Pacotes/Lazarus/ACBrDFe/ACBrMDFe/DAMDFE/Fortes/ACBr_MDFe_DAMDFeRL.lpk
.  /home/gsantana/fpcupdeluxe/lazarus/components/acbr/Pacotes/Lazarus/ACBrDFe/ACBrNF3e/DANF3e/EscPos/ACBr_NF3e_DANF3eESCPOS.lpk
.  Ignorando pacote: /home/gsantana/fpcupdeluxe/lazarus/components/acbr/Pacotes/Lazarus/ACBrDFe/ACBrNF3e/DANF3e/EscPos/ACBr_NF3e_DANF3eESCPOS.lpk
.  /home/gsantana/fpcupdeluxe/lazarus/components/acbr/Pacotes/Lazarus/ACBrDFe/ACBrNF3e/DANF3e/Fortes/ACBr_NF3e_DANF3ERL.lpk
.  /home/gsantana/fpcupdeluxe/lazarus/components/acbr/Pacotes/Lazarus/ACBrDFe/ACBrNFCom/DANFCom/Fortes/ACBr_NFCom_DANFComRL.lpk
.  /home/gsantana/fpcupdeluxe/lazarus/components/acbr/Pacotes/Lazarus/ACBrDFe/ACBrNFSe/DANFSE/Fortes/ACBr_NFSe_DanfseRL.lpk
.  /home/gsantana/fpcupdeluxe/lazarus/components/acbr/Pacotes/Lazarus/ACBrDFe/ACBrNFSeX/DANFSE/FPDF/ACBr_NFSeXDanfseFPDF.lpk
.  /home/gsantana/fpcupdeluxe/lazarus/components/acbr/Pacotes/Lazarus/ACBrDFe/ACBrNFSeX/DANFSE/Fortes/ACBr_NFSeXDanfseRL.lpk
.  /home/gsantana/fpcupdeluxe/lazarus/components/acbr/Pacotes/Lazarus/ACBrDFe/ACBrNFe/DANFE/NFCe/EscPos/ACBr_NFe_DanfeESCPOS.lpk
.  Ignorando pacote: /home/gsantana/fpcupdeluxe/lazarus/components/acbr/Pacotes/Lazarus/ACBrDFe/ACBrNFe/DANFE/NFCe/EscPos/ACBr_NFe_DanfeESCPOS.lpk
.  /home/gsantana/fpcupdeluxe/lazarus/components/acbr/Pacotes/Lazarus/ACBrDFe/ACBrNFe/DANFE/NFe/FPDF/ACBr_NFe_DanfeFPDF.lpk
.  /home/gsantana/fpcupdeluxe/lazarus/components/acbr/Pacotes/Lazarus/ACBrDFe/ACBrNFe/DANFE/NFe/Fortes/ACBr_NFe_DanfeRL.lpk
.  /home/gsantana/fpcupdeluxe/lazarus/components/acbr/Pacotes/Lazarus/ACBrDFe/ACBrNFe/DANFE/NFe/Laz/ACBr_NFe_Danfe_LazReport.lpk
 Recompilando o Lazarus IDE...
.  /home/gsantana/fpcupdeluxe/lazarus/lazbuild --build-ide=  --widgetset=qt6  --build-mode='Normal IDE'
